Archive member included to satisfy reference by file (symbol)

/opt/zephyr-sdk/sysroots/i586-poky-elf/usr/lib/i586-poky-elf/5.2.0/libgcc.a(_udivdi3.o)
                              drivers/built-in.o (__udivdi3)

Allocating common symbols
Common symbol       size              file

_dummy_exception_vector_stub
                    0x4               arch/built-in.o
_sys_clock_tick_count
                    0x8               kernel/built-in.o
mem_regions         0x10              misc/built-in.o
sys_cache_line_size
                    0x4               arch/built-in.o
_dummy_spurious_interrupt
                    0x4               arch/built-in.o

Discarded input sections

 .text          0x0000000000000000        0x0 drivers/built-in.o
 .text.sys_cycle_get_32
                0x0000000000000000       0x10 drivers/built-in.o
 .text._SysIntVecAlloc
                0x0000000000000000       0x24 drivers/built-in.o
 .text._arch_irq_disable
                0x0000000000000000       0x1d drivers/built-in.o
 .text._loapic_disable
                0x0000000000000000       0x1b drivers/built-in.o
 .text._loapic_irq_disable
                0x0000000000000000       0x23 drivers/built-in.o
 .text._ioapic_irq_disable
                0x0000000000000000       0x16 drivers/built-in.o
 .text._ioapic_int_vec_set
                0x0000000000000000       0x14 drivers/built-in.o
 .data          0x0000000000000000        0x0 drivers/built-in.o
 .bss           0x0000000000000000        0x0 drivers/built-in.o
 .text          0x0000000000000000        0x0 ../js-iot/power-simu/src/built-in.o
 .data          0x0000000000000000        0x0 ../js-iot/power-simu/src/built-in.o
 .bss           0x0000000000000000        0x0 ../js-iot/power-simu/src/built-in.o
 .text          0x0000000000000000        0x0 lib/built-in.o
 .text.fprintf  0x0000000000000000       0x1c lib/built-in.o
 .text.vfprintf
                0x0000000000000000       0x1b lib/built-in.o
 .text.printf   0x0000000000000000       0x1b lib/built-in.o
 .text.vprintf  0x0000000000000000       0x1a lib/built-in.o
 .text._to_hex  0x0000000000000000       0x88 lib/built-in.o
 .text._to_udec
                0x0000000000000000       0x61 lib/built-in.o
 .text._llshift
                0x0000000000000000       0x1e lib/built-in.o
 .text._ladd    0x0000000000000000       0x39 lib/built-in.o
 .text._rlrshift
                0x0000000000000000       0x38 lib/built-in.o
 .text._get_digit
                0x0000000000000000       0x5b lib/built-in.o
 .text._ldiv5   0x0000000000000000      0x108 lib/built-in.o
 .text._prf     0x0000000000000000      0xbf4 lib/built-in.o
 .text.sprintf_out
                0x0000000000000000       0x1c lib/built-in.o
 .text.snprintf
                0x0000000000000000       0x43 lib/built-in.o
 .text.sprintf  0x0000000000000000       0x33 lib/built-in.o
 .text.vsnprintf
                0x0000000000000000       0x42 lib/built-in.o
 .text.vsprintf
                0x0000000000000000       0x32 lib/built-in.o
 .text._stdout_hook_default
                0x0000000000000000        0x8 lib/built-in.o
 .text.__stdout_hook_install
                0x0000000000000000        0xd lib/built-in.o
 .text.fputc    0x0000000000000000       0x15 lib/built-in.o
 .text.fputs    0x0000000000000000       0x2c lib/built-in.o
 .text.fwrite   0x0000000000000000       0x4b lib/built-in.o
 .text.puts     0x0000000000000000       0x28 lib/built-in.o
 .text.strcpy   0x0000000000000000       0x1e lib/built-in.o
 .text.strncpy  0x0000000000000000       0x30 lib/built-in.o
 .text.strchr   0x0000000000000000       0x24 lib/built-in.o
 .text.strlen   0x0000000000000000       0x13 lib/built-in.o
 .text.strncmp  0x0000000000000000       0x2b lib/built-in.o
 .text.strcat   0x0000000000000000       0x22 lib/built-in.o
 .text.memcmp   0x0000000000000000       0x32 lib/built-in.o
 .text.memmove  0x0000000000000000       0x38 lib/built-in.o
 .text.memcpy   0x0000000000000000       0x6d lib/built-in.o
 .text.memset   0x0000000000000000       0x64 lib/built-in.o
 .text.memchr   0x0000000000000000       0x2c lib/built-in.o
 .rodata.str1.1
                0x0000000000000000       0x17 lib/built-in.o
 .data          0x0000000000000000        0x0 lib/built-in.o
 .data._stdout_hook
                0x0000000000000000        0x4 lib/built-in.o
 .bss           0x0000000000000000        0x0 lib/built-in.o
 .text          0x0000000000000000        0x0 kernel/built-in.o
 .text._fiber_start
                0x0000000000000000       0x55 kernel/built-in.o
 .text.fiber_yield
                0x0000000000000000       0x3a kernel/built-in.o
 .text.nano_task_lifo_get
                0x0000000000000000       0x5f kernel/built-in.o
 .text._lifo_get
                0x0000000000000000       0x3f kernel/built-in.o
 .text.nano_task_lifo_put
                0x0000000000000000       0x63 kernel/built-in.o
 .text._lifo_put_non_preemptible
                0x0000000000000000       0x58 kernel/built-in.o
 .text.nano_lifo_init
                0x0000000000000000       0x18 kernel/built-in.o
 .text.nano_lifo_put
                0x0000000000000000       0x22 kernel/built-in.o
 .text.nano_lifo_get
                0x0000000000000000       0x22 kernel/built-in.o
 .text._nano_fiber_lifo_get_panic
                0x0000000000000000       0x21 kernel/built-in.o
 .text.nano_task_fifo_get
                0x0000000000000000       0x78 kernel/built-in.o
 .text.nano_task_fifo_put
                0x0000000000000000       0x72 kernel/built-in.o
 .text._fifo_get
                0x0000000000000000       0x5c kernel/built-in.o
 .text._fifo_put_non_preemptible
                0x0000000000000000       0x65 kernel/built-in.o
 .text.nano_fifo_init
                0x0000000000000000       0x18 kernel/built-in.o
 .text.nano_fifo_put
                0x0000000000000000       0x22 kernel/built-in.o
 .text.nano_fifo_get
                0x0000000000000000       0x22 kernel/built-in.o
 .text.nano_task_stack_push
                0x0000000000000000       0x48 kernel/built-in.o
 .text.nano_task_stack_pop
                0x0000000000000000       0x43 kernel/built-in.o
 .text._stack_push_non_preemptible
                0x0000000000000000       0x3e kernel/built-in.o
 .text._stack_pop
                0x0000000000000000       0x55 kernel/built-in.o
 .text.nano_stack_init
                0x0000000000000000       0x17 kernel/built-in.o
 .text.nano_stack_push
                0x0000000000000000       0x22 kernel/built-in.o
 .text.nano_stack_pop
                0x0000000000000000       0x2a kernel/built-in.o
 .text.sys_tick_get_32
                0x0000000000000000        0xa kernel/built-in.o
 .text.sys_tick_get
                0x0000000000000000       0x1b kernel/built-in.o
 .text.sys_tick_delta
                0x0000000000000000       0x33 kernel/built-in.o
 .text.sys_tick_delta_32
                0x0000000000000000       0x2a kernel/built-in.o
 .text._nano_get_earliest_deadline
                0x0000000000000000       0x25 kernel/built-in.o
 .text._thread_essential_set
                0x0000000000000000       0x11 kernel/built-in.o
 .text._thread_essential_clear
                0x0000000000000000       0x11 kernel/built-in.o
 .text.sys_thread_busy_wait
                0x0000000000000000       0x49 kernel/built-in.o
 .text.nano_task_sem_take
                0x0000000000000000       0x64 kernel/built-in.o
 .text.nano_task_sem_give
                0x0000000000000000       0x4b kernel/built-in.o
 .text._sem_take
                0x0000000000000000       0x46 kernel/built-in.o
 .text._sem_give_non_preemptible
                0x0000000000000000       0x43 kernel/built-in.o
 .text.nano_sem_init
                0x0000000000000000       0x18 kernel/built-in.o
 .text.nano_sem_give
                0x0000000000000000       0x1a kernel/built-in.o
 .text.nano_sem_take
                0x0000000000000000       0x22 kernel/built-in.o
 .text.sys_kernel_version_get
                0x0000000000000000        0xa kernel/built-in.o
 .text._do_nano_timeout_abort
                0x0000000000000000       0x31 kernel/built-in.o
 .text.nano_task_timer_stop
                0x0000000000000000       0x4a kernel/built-in.o
 .text._timer_stop_non_preemptible
                0x0000000000000000       0x43 kernel/built-in.o
 .text.nano_timer_stop
                0x0000000000000000       0x1a kernel/built-in.o
 .rodata.func.1780
                0x0000000000000000        0xc kernel/built-in.o
 .rodata.func.1755
                0x0000000000000000        0xc kernel/built-in.o
 .rodata.func.1788
                0x0000000000000000        0xc kernel/built-in.o
 .rodata.func.1759
                0x0000000000000000        0xc kernel/built-in.o
 .rodata.func.1714
                0x0000000000000000        0xc kernel/built-in.o
 .rodata.func.1689
                0x0000000000000000        0xc kernel/built-in.o
 .rodata.func.1774
                0x0000000000000000        0xc kernel/built-in.o
 .rodata.func.1751
                0x0000000000000000        0xc kernel/built-in.o
 .rodata.func.1763
                0x0000000000000000        0xc kernel/built-in.o
 .data          0x0000000000000000        0x0 kernel/built-in.o
 .bss           0x0000000000000000        0x0 kernel/built-in.o
 .text          0x0000000000000000        0x0 misc/built-in.o
 .text.mem_probe_no_check
                0x0000000000000000       0xcd misc/built-in.o
 .text.get_width
                0x0000000000000000       0x3c misc/built-in.o
 .text._mem_probe
                0x0000000000000000       0x39 misc/built-in.o
 .text._mem_safe_read
                0x0000000000000000       0x56 misc/built-in.o
 .text._mem_safe_write
                0x0000000000000000       0x59 misc/built-in.o
 .text._mem_safe_write_to_text_section
                0x0000000000000000       0x36 misc/built-in.o
 .data          0x0000000000000000        0x0 misc/built-in.o
 .bss           0x0000000000000000        0x0 misc/built-in.o
 .text          0x0000000000000000        0x0 boards/built-in.o
 .data          0x0000000000000000        0x0 boards/built-in.o
 .bss           0x0000000000000000        0x0 boards/built-in.o
 .comment       0x0000000000000000       0x12 boards/built-in.o
 .debug_aranges
                0x0000000000000000       0x18 boards/built-in.o
 .debug_info    0x0000000000000000       0x60 boards/built-in.o
 .debug_abbrev  0x0000000000000000       0x24 boards/built-in.o
 .debug_line    0x0000000000000000       0x1d boards/built-in.o
 .debug_str     0x0000000000000000      0x1c3 boards/built-in.o
 .text          0x0000000000000000        0x0 arch/built-in.o
 .text._MsrWrite
                0x0000000000000000       0x10 arch/built-in.o
 .text._MsrRead
                0x0000000000000000       0x10 arch/built-in.o
 .text._IntVecSet
                0x0000000000000000       0x40 arch/built-in.o
 .text.unlikely.atomic_cas
                0x0000000000000000        0x0 arch/built-in.o
 .text.atomic_cas
                0x0000000000000000       0x17 arch/built-in.o
 .text.unlikely.atomic_add
                0x0000000000000000        0x0 arch/built-in.o
 .text.atomic_add
                0x0000000000000000        0xd arch/built-in.o
 .text.unlikely.atomic_sub
                0x0000000000000000        0x0 arch/built-in.o
 .text.atomic_sub
                0x0000000000000000        0xf arch/built-in.o
 .text.unlikely.atomic_inc
                0x0000000000000000        0x0 arch/built-in.o
 .text.atomic_inc
                0x0000000000000000        0xe arch/built-in.o
 .text.unlikely.atomic_dec
                0x0000000000000000        0x0 arch/built-in.o
 .text.atomic_dec
                0x0000000000000000        0xc arch/built-in.o
 .text.unlikely.atomic_get
                0x0000000000000000        0x0 arch/built-in.o
 .text.atomic_get
                0x0000000000000000        0x7 arch/built-in.o
 .text.unlikely.atomic_set
                0x0000000000000000        0x0 arch/built-in.o
 .text.atomic_set
                0x0000000000000000        0xb arch/built-in.o
 .text.unlikely.atomic_clear
                0x0000000000000000        0x0 arch/built-in.o
 .text.atomic_clear
                0x0000000000000000        0x9 arch/built-in.o
 .text.unlikely.atomic_or
                0x0000000000000000        0x0 arch/built-in.o
 .text.atomic_or
                0x0000000000000000       0x13 arch/built-in.o
 .text.unlikely.atomic_xor
                0x0000000000000000        0x0 arch/built-in.o
 .text.atomic_xor
                0x0000000000000000       0x13 arch/built-in.o
 .text.unlikely.atomic_and
                0x0000000000000000        0x0 arch/built-in.o
 .text.atomic_and
                0x0000000000000000       0x13 arch/built-in.o
 .text.unlikely.atomic_nand
                0x0000000000000000        0x0 arch/built-in.o
 .text.atomic_nand
                0x0000000000000000       0x15 arch/built-in.o
 .text.sys_cache_flush
                0x0000000000000000        0x3 arch/built-in.o
 .text._get_errno
                0x0000000000000000        0x9 arch/built-in.o
 .data          0x0000000000000000        0x0 arch/built-in.o
 .bss           0x0000000000000000        0x0 arch/built-in.o
 .text          0x0000000000000000        0x0 ./arch/x86/core/offsets/offsets.o
 .data          0x0000000000000000        0x0 ./arch/x86/core/offsets/offsets.o
 .bss           0x0000000000000000        0x0 ./arch/x86/core/offsets/offsets.o
 .data          0x0000000000000000        0x0 /opt/zephyr-sdk/sysroots/i586-poky-elf/usr/lib/i586-poky-elf/5.2.0/libgcc.a(_udivdi3.o)
 .bss           0x0000000000000000        0x0 /opt/zephyr-sdk/sysroots/i586-poky-elf/usr/lib/i586-poky-elf/5.2.0/libgcc.a(_udivdi3.o)
 .text.unlikely
                0x0000000000000000        0x0 /opt/zephyr-sdk/sysroots/i586-poky-elf/usr/lib/i586-poky-elf/5.2.0/libgcc.a(_udivdi3.o)
 .eh_frame      0x0000000000000000       0x9c /opt/zephyr-sdk/sysroots/i586-poky-elf/usr/lib/i586-poky-elf/5.2.0/libgcc.a(_udivdi3.o)
 int_vector_alloc
                0x0000000000000000       0x20 int_vector_alloc.o

Memory Configuration

Name             Origin             Length             Attributes
RAM              0x0000000000100000 0x0000000000030000 xw
IDT_LIST         0x0000000000000800 0x0000000000000800
*default*        0x0000000000000000 0xffffffffffffffff

Linker script and memory map

                0x0000000000100000                _image_rom_start = 0x100000
                0x0000000000100000                _image_text_start = 0x100000

text            0x0000000000100000     0x1281
 *(.text_start)
 *(.text_start.*)
 .text_start.__start
                0x0000000000100000       0x98 arch/built-in.o
                0x0000000000100000                __start
                0x000000000010005a                _Idt
                0x000000000010006c                _gdt
 *(.text)
 *fill*         0x0000000000100098        0x8 
 .text          0x00000000001000a0      0x129 /opt/zephyr-sdk/sysroots/i586-poky-elf/usr/lib/i586-poky-elf/5.2.0/libgcc.a(_udivdi3.o)
                0x00000000001000a0                __udivdi3
 *(.text.*)
 .text.console_out
                0x00000000001001c9       0x35 drivers/built-in.o
 .text.uart_console_hook_install
                0x00000000001001fe       0x10 drivers/built-in.o
                0x00000000001001fe                uart_console_hook_install
 .text.uart_console_init
                0x000000000010020e       0x1c drivers/built-in.o
 .text.uart_ns16550_init
                0x000000000010022a       0x94 drivers/built-in.o
 .text.uart_ns16550_poll_in
                0x00000000001002be       0x29 drivers/built-in.o
 .text.uart_ns16550_poll_out
                0x00000000001002e7       0x21 drivers/built-in.o
 .text.uart_ns16550_err_check
                0x0000000000100308       0x18 drivers/built-in.o
 .text._timer_int_handler
                0x0000000000100320       0x11 drivers/built-in.o
                0x0000000000100320                _timer_int_handler
 .text._sys_clock_driver_init
                0x0000000000100331      0x157 drivers/built-in.o
                0x0000000000100331                _sys_clock_driver_init
 .text._i8259_init
                0x0000000000100488        0xd drivers/built-in.o
                0x0000000000100488                _i8259_init
 .text._SysIntVecProgram
                0x0000000000100495       0x26 drivers/built-in.o
                0x0000000000100495                _SysIntVecProgram
 .text._arch_irq_enable
                0x00000000001004bb       0x1d drivers/built-in.o
                0x00000000001004bb                _arch_irq_enable
 .text._loapic_enable
                0x00000000001004d8       0x1b drivers/built-in.o
                0x00000000001004d8                _loapic_enable
 .text._loapic_init
                0x00000000001004f3       0xa7 drivers/built-in.o
                0x00000000001004f3                _loapic_init
 .text._loapic_int_vec_set
                0x000000000010059a       0x22 drivers/built-in.o
                0x000000000010059a                _loapic_int_vec_set
 .text._loapic_irq_enable
                0x00000000001005bc       0x23 drivers/built-in.o
                0x00000000001005bc                _loapic_irq_enable
 .text._loapic_isr_vector_get
                0x00000000001005df       0x2f drivers/built-in.o
                0x00000000001005df                _loapic_isr_vector_get
 .text.__IoApicSet
                0x000000000010060e       0x19 drivers/built-in.o
 .text._IoApicRedUpdateLo
                0x0000000000100627       0x2e drivers/built-in.o
 .text._ioapic_init
                0x0000000000100655       0x2d drivers/built-in.o
                0x0000000000100655                _ioapic_init
 .text._ioapic_irq_enable
                0x0000000000100682       0x13 drivers/built-in.o
                0x0000000000100682                _ioapic_irq_enable
 .text._ioapic_irq_set
                0x0000000000100695       0x2e drivers/built-in.o
                0x0000000000100695                _ioapic_irq_set
 .text.main     0x00000000001006c3       0x46 ../js-iot/power-simu/src/built-in.o
                0x00000000001006c3                main
 .text.strcmp   0x0000000000100709       0x23 lib/built-in.o
                0x0000000000100709                strcmp
 .text._nano_fiber_ready
                0x000000000010072c       0x25 kernel/built-in.o
                0x000000000010072c                _nano_fiber_ready
 .text._nano_fiber_swap
                0x0000000000100751        0xd kernel/built-in.o
                0x0000000000100751                _nano_fiber_swap
 .text.fiber_abort
                0x000000000010075e        0x8 kernel/built-in.o
                0x000000000010075e                fiber_abort
 .text._nano_sys_clock_tick_announce
                0x0000000000100766       0x9b kernel/built-in.o
                0x0000000000100766                _nano_sys_clock_tick_announce
 .text.sys_thread_self_get
                0x0000000000100801        0xa kernel/built-in.o
                0x0000000000100801                sys_thread_self_get
 .text.sys_execution_context_type_get
                0x000000000010080b       0x23 kernel/built-in.o
                0x000000000010080b                sys_execution_context_type_get
 .text._is_thread_essential
                0x000000000010082e       0x19 kernel/built-in.o
                0x000000000010082e                _is_thread_essential
 .text._thread_entry
                0x0000000000100847       0x40 kernel/built-in.o
                0x0000000000100847                _thread_entry
 .text._main    0x0000000000100887       0x29 kernel/built-in.o
 .text._Cstart  0x00000000001008b0       0xb0 kernel/built-in.o
                0x00000000001008b0                _Cstart
 .text._sys_device_do_config_level
                0x0000000000100960       0x2b kernel/built-in.o
                0x0000000000100960                _sys_device_do_config_level
 .text.device_get_binding
                0x000000000010098b       0x33 kernel/built-in.o
                0x000000000010098b                device_get_binding
 .text.nano_fiber_timer_test
                0x00000000001009be       0x43 kernel/built-in.o
                0x00000000001009be                nano_fiber_timer_test
 .text.nano_isr_timer_test
                0x0000000000100a01       0x23 kernel/built-in.o
                0x0000000000100a01                nano_isr_timer_test
 .text.nano_timer_init
                0x0000000000100a24       0x2a kernel/built-in.o
                0x0000000000100a24                nano_timer_init
 .text._timer_start
                0x0000000000100a4e       0x96 kernel/built-in.o
                0x0000000000100a4e                nano_timer_start
                0x0000000000100a4e                nano_task_timer_start
                0x0000000000100a4e                _timer_start
                0x0000000000100a4e                nano_isr_timer_start
                0x0000000000100a4e                nano_fiber_timer_start
 .text.nano_timer_test
                0x0000000000100ae4       0x22 kernel/built-in.o
                0x0000000000100ae4                nano_timer_test
 .text.nano_timer_ticks_remain
                0x0000000000100b06       0x4c kernel/built-in.o
                0x0000000000100b06                nano_timer_ticks_remain
 .text.nano_task_timer_test
                0x0000000000100b52       0x4f kernel/built-in.o
                0x0000000000100b52                nano_task_timer_test
 .text._nop_char_out
                0x0000000000100ba1        0x7 misc/built-in.o
 .text._printk_dec_ulong
                0x0000000000100ba8       0x70 misc/built-in.o
 .text.__printk_hook_install
                0x0000000000100c18        0xd misc/built-in.o
                0x0000000000100c18                __printk_hook_install
 .text.printk   0x0000000000100c25      0x128 misc/built-in.o
                0x0000000000100c25                printk
 .text._ConfigAbsSyms
                0x0000000000100d4d        0x5 misc/built-in.o
                0x0000000000100d4d                _ConfigAbsSyms
 .text._mem_safe_region_add
                0x0000000000100d52       0x6c misc/built-in.o
                0x0000000000100d52                _mem_safe_region_add
 .text.init     0x0000000000100dbe       0x3b misc/built-in.o
 .text._IntEnt  0x0000000000100df9       0x1d arch/built-in.o
                0x0000000000100df9                _IntEnt
 .text._IntExitWithEoi
                0x0000000000100e16       0x37 arch/built-in.o
                0x0000000000100e16                _IntExitWithEoi
                0x0000000000100e1e                _IntExit
 .text._SpuriousIntNoErrCodeHandler
                0x0000000000100e4d        0x2 arch/built-in.o
                0x0000000000100e4d                _SpuriousIntNoErrCodeHandler
 .text._SpuriousIntHandler
                0x0000000000100e4f       0x18 arch/built-in.o
                0x0000000000100e4f                _SpuriousIntHandler
 .text._Swap    0x0000000000100e67       0x30 arch/built-in.o
                0x0000000000100e67                _Swap
 .text._new_thread
                0x0000000000100e97       0x5e arch/built-in.o
                0x0000000000100e97                _new_thread
 .text._NanoFatalErrorHandler
                0x0000000000100ef5       0xce arch/built-in.o
                0x0000000000100ef5                _NanoFatalErrorHandler
 .text.generic_exc_handle
                0x0000000000100fc3       0x37 arch/built-in.o
 .text.handle_exc_IV_DIVIDE_ERROR
                0x0000000000100ffa        0xd arch/built-in.o
                0x0000000000100ffa                handle_exc_IV_DIVIDE_ERROR
 .text.handle_exc_IV_NON_MASKABLE_INTERRUPT
                0x0000000000101007       0x10 arch/built-in.o
                0x0000000000101007                handle_exc_IV_NON_MASKABLE_INTERRUPT
 .text.handle_exc_IV_OVERFLOW
                0x0000000000101017       0x10 arch/built-in.o
                0x0000000000101017                handle_exc_IV_OVERFLOW
 .text.handle_exc_IV_BOUND_RANGE
                0x0000000000101027       0x10 arch/built-in.o
                0x0000000000101027                handle_exc_IV_BOUND_RANGE
 .text.handle_exc_IV_INVALID_OPCODE
                0x0000000000101037       0x10 arch/built-in.o
                0x0000000000101037                handle_exc_IV_INVALID_OPCODE
 .text.handle_exc_IV_DEVICE_NOT_AVAILABLE
                0x0000000000101047       0x10 arch/built-in.o
                0x0000000000101047                handle_exc_IV_DEVICE_NOT_AVAILABLE
 .text.handle_exc_IV_DOUBLE_FAULT
                0x0000000000101057       0x10 arch/built-in.o
                0x0000000000101057                handle_exc_IV_DOUBLE_FAULT
 .text.handle_exc_IV_INVALID_TSS
                0x0000000000101067       0x10 arch/built-in.o
                0x0000000000101067                handle_exc_IV_INVALID_TSS
 .text.handle_exc_IV_SEGMENT_NOT_PRESENT
                0x0000000000101077       0x10 arch/built-in.o
                0x0000000000101077                handle_exc_IV_SEGMENT_NOT_PRESENT
 .text.handle_exc_IV_STACK_FAULT
                0x0000000000101087       0x10 arch/built-in.o
                0x0000000000101087                handle_exc_IV_STACK_FAULT
 .text.handle_exc_IV_GENERAL_PROTECTION
                0x0000000000101097       0x10 arch/built-in.o
                0x0000000000101097                handle_exc_IV_GENERAL_PROTECTION
 .text.handle_exc_IV_PAGE_FAULT
                0x00000000001010a7       0x10 arch/built-in.o
                0x00000000001010a7                handle_exc_IV_PAGE_FAULT
 .text.handle_exc_IV_X87_FPU_FP_ERROR
                0x00000000001010b7       0x10 arch/built-in.o
                0x00000000001010b7                handle_exc_IV_X87_FPU_FP_ERROR
 .text.handle_exc_IV_ALIGNMENT_CHECK
                0x00000000001010c7       0x10 arch/built-in.o
                0x00000000001010c7                handle_exc_IV_ALIGNMENT_CHECK
 .text.handle_exc_IV_MACHINE_CHECK
                0x00000000001010d7       0x10 arch/built-in.o
                0x00000000001010d7                handle_exc_IV_MACHINE_CHECK
 .text.nano_cpu_idle
                0x00000000001010e7        0x7 arch/built-in.o
                0x00000000001010e7                nano_cpu_idle
 .text.nano_cpu_atomic_idle
                0x00000000001010ee       0x11 arch/built-in.o
                0x00000000001010ee                nano_cpu_atomic_idle
 .text._SysFatalErrorHandler
                0x00000000001010ff       0x42 arch/built-in.o
                0x00000000001010ff                _SysFatalErrorHandler
 .text._cache_line_size_get
                0x0000000000101141       0x14 arch/built-in.o
                0x0000000000101141                _cache_line_size_get
 .text.init_cache
                0x0000000000101155       0x11 arch/built-in.o
 .text._ExcEntNoErr
                0x0000000000101166        0xb arch/built-in.o
                0x0000000000101166                _ExcEntNoErr
 .text._ExcEnt  0x0000000000101171       0x1d arch/built-in.o
                0x0000000000101171                _ExcEnt
 .text._ExcExit
                0x000000000010118e        0xd arch/built-in.o
                0x000000000010118e                _ExcExit
 .text.handle_exc_IV_DIVIDE_ERRORStub
                0x000000000010119b        0xf arch/built-in.o
                0x000000000010119b                handle_exc_IV_DIVIDE_ERRORStub
 .text.handle_exc_IV_NON_MASKABLE_INTERRUPTStub
                0x00000000001011aa        0xf arch/built-in.o
                0x00000000001011aa                handle_exc_IV_NON_MASKABLE_INTERRUPTStub
 .text.handle_exc_IV_OVERFLOWStub
                0x00000000001011b9        0xf arch/built-in.o
                0x00000000001011b9                handle_exc_IV_OVERFLOWStub
 .text.handle_exc_IV_BOUND_RANGEStub
                0x00000000001011c8        0xf arch/built-in.o
                0x00000000001011c8                handle_exc_IV_BOUND_RANGEStub
 .text.handle_exc_IV_INVALID_OPCODEStub
                0x00000000001011d7        0xf arch/built-in.o
                0x00000000001011d7                handle_exc_IV_INVALID_OPCODEStub
 .text.handle_exc_IV_DEVICE_NOT_AVAILABLEStub
                0x00000000001011e6        0xf arch/built-in.o
                0x00000000001011e6                handle_exc_IV_DEVICE_NOT_AVAILABLEStub
 .text.handle_exc_IV_DOUBLE_FAULTStub
                0x00000000001011f5        0xf arch/built-in.o
                0x00000000001011f5                handle_exc_IV_DOUBLE_FAULTStub
 .text.handle_exc_IV_INVALID_TSSStub
                0x0000000000101204        0xf arch/built-in.o
                0x0000000000101204                handle_exc_IV_INVALID_TSSStub
 .text.handle_exc_IV_SEGMENT_NOT_PRESENTStub
                0x0000000000101213        0xf arch/built-in.o
                0x0000000000101213                handle_exc_IV_SEGMENT_NOT_PRESENTStub
 .text.handle_exc_IV_STACK_FAULTStub
                0x0000000000101222        0xf arch/built-in.o
                0x0000000000101222                handle_exc_IV_STACK_FAULTStub
 .text.handle_exc_IV_GENERAL_PROTECTIONStub
                0x0000000000101231        0xf arch/built-in.o
                0x0000000000101231                handle_exc_IV_GENERAL_PROTECTIONStub
 .text.handle_exc_IV_PAGE_FAULTStub
                0x0000000000101240        0xf arch/built-in.o
                0x0000000000101240                handle_exc_IV_PAGE_FAULTStub
 .text.handle_exc_IV_X87_FPU_FP_ERRORStub
                0x000000000010124f        0xf arch/built-in.o
                0x000000000010124f                handle_exc_IV_X87_FPU_FP_ERRORStub
 .text.handle_exc_IV_ALIGNMENT_CHECKStub
                0x000000000010125e        0xf arch/built-in.o
                0x000000000010125e                handle_exc_IV_ALIGNMENT_CHECKStub
 .text.handle_exc_IV_MACHINE_CHECKStub
                0x000000000010126d        0xf arch/built-in.o
                0x000000000010126d                handle_exc_IV_MACHINE_CHECKStub
 .text._OffsetAbsSyms
                0x000000000010127c        0x5 ./arch/x86/core/offsets/offsets.o
                0x000000000010127c                _OffsetAbsSyms
 *(.gnu.linkonce.t.*)
 *(.eh_frame)
 *(.init)
 *(.fini)
 *(.eini)
                0x0000000000101281                _image_text_end = .

devconfig       0x0000000000101284       0x6c
                0x0000000000101284                __devconfig_start = .
 *(.devconfig.*)
 .devconfig.init
                0x0000000000101284       0x54 drivers/built-in.o
 .devconfig.init
                0x00000000001012d8        0xc misc/built-in.o
 .devconfig.init
                0x00000000001012e4        0xc arch/built-in.o
 *(SORT(.devconfig*))
                0x00000000001012f0                __devconfig_end = .

rodata          0x0000000000101300      0xb00
 *(.rodata)
 *(.rodata.*)
 .rodata.str1.1
                0x0000000000101300        0xe drivers/built-in.o
                                         0x1a (size before relaxing)
 .rodata.str1.1
                0x000000000010130e       0x1a ../js-iot/power-simu/src/built-in.o
 .rodata.config_levels
                0x0000000000101328       0x18 kernel/built-in.o
 .rodata.func.1799
                0x0000000000101340        0xc kernel/built-in.o
 .rodata.str1.1
                0x000000000010134c        0x1 misc/built-in.o
 .rodata.str1.1
                0x000000000010134c      0x1e1 arch/built-in.o
                                        0x1e2 (size before relaxing)
 *fill*         0x000000000010152d       0x13 
 .rodata._default_esf
                0x0000000000101540       0x30 arch/built-in.o
                0x0000000000101540                _default_esf
 .rodata.ctxText.1520
                0x0000000000101570        0xc arch/built-in.o
 *(.gnu.linkonce.r.*)
                0x0000000000101580                . = ALIGN (0x8)
 *fill*         0x000000000010157c        0x4 
                0x0000000000101580                _idt_base_address = .
 *(staticIdt)
 staticIdt      0x0000000000101580      0x800 staticIdt.o
                0x0000000000101580                _binary_staticIdt_bin_start
                0x0000000000101d80                _binary_staticIdt_bin_end
                0x0000000000101d80                . = ALIGN (0x4)
                0x0000000000101d80                _irq_to_interrupt_vector = .
 *(irq_int_vector_map)
 irq_int_vector_map
                0x0000000000101d80       0x80 irq_int_vector_map.o
                0x0000000000101d80                _binary_irq_int_vector_map_bin_start
                0x0000000000101e00                _binary_irq_int_vector_map_bin_end
                0x0000000000101e00                _image_rom_end = .
                0x0000000000101e00                __data_rom_start = ALIGN (0x4)

datas           0x0000000000101e00       0x44
                0x0000000000101e00                _image_ram_start = .
                0x0000000000101e00                __data_ram_start = .
 *(.data)
 *(.data.*)
 .data.uart_ns16550_dev_data_1
                0x0000000000101e00        0x8 drivers/built-in.o
 .data.uart_ns16550_dev_cfg_1
                0x0000000000101e08        0x8 drivers/built-in.o
                0x0000000000101e08                uart_ns16550_dev_cfg_1
 .data.uart_ns16550_dev_data_0
                0x0000000000101e10        0x8 drivers/built-in.o
 .data.uart_ns16550_dev_cfg_0
                0x0000000000101e18        0x8 drivers/built-in.o
                0x0000000000101e18                uart_ns16550_dev_cfg_0
 .data.uart_ns16550_driver_api
                0x0000000000101e20        0xc drivers/built-in.o
 .data._sys_idle_elapsed_ticks
                0x0000000000101e2c        0x4 kernel/built-in.o
                0x0000000000101e2c                _sys_idle_elapsed_ticks
 .data.sys_clock_hw_cycles_per_sec
                0x0000000000101e30        0x4 kernel/built-in.o
                0x0000000000101e30                sys_clock_hw_cycles_per_sec
 .data.sys_clock_hw_cycles_per_tick
                0x0000000000101e34        0x4 kernel/built-in.o
                0x0000000000101e34                sys_clock_hw_cycles_per_tick
 .data.sys_clock_us_per_tick
                0x0000000000101e38        0x4 kernel/built-in.o
                0x0000000000101e38                sys_clock_us_per_tick
 .data._char_out
                0x0000000000101e3c        0x4 misc/built-in.o
 .data.rw_end   0x0000000000101e40        0x4 misc/built-in.o
                0x0000000000101e44                . = ALIGN (0x4)

initlevel       0x0000000000101e44       0x6c
                0x0000000000101e44                __device_init_start = .
                0x0000000000101e44                __device_PRIMARY_start = .
 *(SORT(.init_PRIMARY[0-9]))
 *(SORT(.init_PRIMARY[1-9][0-9]))
 .init_PRIMARY40
                0x0000000000101e44       0x24 drivers/built-in.o
 .init_PRIMARY40
                0x0000000000101e68        0xc misc/built-in.o
 .init_PRIMARY40
                0x0000000000101e74        0xc arch/built-in.o
 .init_PRIMARY50
                0x0000000000101e80       0x18 drivers/built-in.o
                0x0000000000101e98                __device_SECONDARY_start = .
 *(SORT(.init_SECONDARY[0-9]))
 .init_SECONDARY0
                0x0000000000101e98        0xc drivers/built-in.o
 *(SORT(.init_SECONDARY[1-9][0-9]))
 .init_SECONDARY60
                0x0000000000101ea4        0xc drivers/built-in.o
                0x0000000000101eb0                __device_NANOKERNEL_start = .
 *(SORT(.init_NANOKERNEL[0-9]))
 *(SORT(.init_NANOKERNEL[1-9][0-9]))
                0x0000000000101eb0                __device_MICROKERNEL_start = .
 *(SORT(.init_MICROKERNEL[0-9]))
 *(SORT(.init_MICROKERNEL[1-9][0-9]))
                0x0000000000101eb0                __device_APPLICATION_start = .
 *(SORT(.init_APPLICATION[0-9]))
 *(SORT(.init_APPLICATION[1-9][0-9]))
                0x0000000000101eb0                __device_init_end = .

_k_task_list    0x0000000000101eb0        0x0
                0x0000000000101eb0                _k_task_list_start = .
 *(._k_task_list.public.*)
 *(._k_task_list.private.*)
                0x0000000000101eb0                _k_task_list_idle_start = .
 *(._k_task_list.idle.*)
 *(SORT(._k_task_list*))
                0x0000000000101eb0                _k_task_list_end = .

_k_task_ptr     0x0000000000101eb0        0x0
                0x0000000000101eb0                _k_task_ptr_start = .
 *(._k_task_ptr.public.*)
 *(._k_task_ptr.private.*)
 *(._k_task_ptr.idle.*)
 *(SORT(._k_task_ptr*))
                0x0000000000101eb0                _k_task_ptr_end = .

_k_pipe_ptr     0x0000000000101eb0        0x0
                0x0000000000101eb0                _k_pipe_ptr_start = .
 *(._k_pipe_ptr.public.*)
 *(._k_pipe_ptr.private.*)
 *(SORT(._k_pipe_ptr*))
                0x0000000000101eb0                _k_pipe_ptr_end = .

_k_mem_map_ptr  0x0000000000101eb0        0x0
                0x0000000000101eb0                _k_mem_map_ptr_start = .
 *(._k_mem_map_ptr.public.*)
 *(._k_mem_map_ptr.private.*)
 *(SORT(._k_mem_map_ptr*))
                0x0000000000101eb0                _k_mem_map_ptr_end = .

_k_event_list   0x0000000000101eb0        0x0
                0x0000000000101eb0                _k_event_list_start = .
 *(._k_event_list.event.*)
 *(SORT(._k_event_list*))
                0x0000000000101eb0                _k_event_list_end = .
                0x0000000000101eb0                __data_ram_end = .

bss             0x0000000000101ec0       0x64
                0x0000000000101ec0                . = ALIGN (0x4)
                0x0000000000101ec0                __bss_start = .
 *(.bss)
 *(.bss.*)
 .bss.uart_console_dev
                0x0000000000101ec0        0x4 drivers/built-in.o
 .bss.ro_end    0x0000000000101ec4        0x4 misc/built-in.o
 *fill*         0x0000000000101ec8       0x18 
 .bss._nanokernel
                0x0000000000101ee0       0x20 arch/built-in.o
                0x0000000000101ee0                _nanokernel
 *(COMMON)
 COMMON         0x0000000000101f00        0x8 kernel/built-in.o
                0x0000000000101f00                _sys_clock_tick_count
 COMMON         0x0000000000101f08       0x10 misc/built-in.o
                0x0000000000101f08                mem_regions
 COMMON         0x0000000000101f18        0xc arch/built-in.o
                0x0000000000101f18                _dummy_exception_vector_stub
                0x0000000000101f1c                sys_cache_line_size
                0x0000000000101f20                _dummy_spurious_interrupt
                0x0000000000101f24                . = ALIGN (0x4)
                0x0000000000101f24                __bss_end = .

noinit          0x0000000000101f40      0xc00
 *(.noinit)
 *(.noinit.*)
 .noinit._FILE_PATH_HASH.1
                0x0000000000101f40      0x800 kernel/built-in.o
                0x0000000000101f40                _interrupt_stack
 .noinit._FILE_PATH_HASH.0
                0x0000000000102740      0x400 kernel/built-in.o
                0x0000000000102740                main_task_stack
 *(.intStubSect)
                0x0000000000102b40                _image_ram_end = .
                0x0000000000102b40                _end = .
                0x0000000000103000                . = ALIGN (0x1000)
                0x0000000000000019                __bss_num_words = ((__bss_end - __bss_start) >> 0x2)

intList         0x0000000000000800      0x14c
 *(.spurIsr)
 .spurIsr       0x0000000000000800        0x4 arch/built-in.o
                0x0000000000000800                __isr___SpuriousIntHandler
 *(.spurNoErrIsr)
 .spurNoErrIsr  0x0000000000000804        0x4 arch/built-in.o
                0x0000000000000804                __isr___SpuriousIntNoErrCodeHandler
                0x0000000000000808                __INT_LIST_START__ = .
                0x0000000000000808        0x4 LONG 0x10 ((__INT_LIST_END__ - __INT_LIST_START__) / 0x14)
 *(.intList)
 .intList       0x000000000000080c       0x14 drivers/built-in.o
 .intList       0x0000000000000820      0x12c arch/built-in.o
                0x000000000000094c                __INT_LIST_END__ = .

initlevel_error
                0x0000000000103000        0x0
 *(SORT(.init_[_A-Z0-9]*))
                0x0000000000000001                ASSERT ((SIZEOF (initlevel_error) == 0x0), Undefined initialization levels used.)

.shstrtab
 *(.shstrtab)

.symtab
 *(.symtab)

.strtab
 *(.strtab)

.iplt           0x0000000000000000        0x0
 *(.iplt)
 .iplt          0x0000000000000000        0x0 drivers/built-in.o

.igot.plt       0x0000000000000000        0x0
 *(.igot.plt)
 .igot.plt      0x0000000000000000        0x0 drivers/built-in.o

.rel.plt
 *(.rel.plt)

.rela.plt
 *(.rela.plt)

.rel.dyn        0x0000000000000000        0x0
 *(.rel.*)
 .rel.iplt      0x0000000000000000        0x0 drivers/built-in.o
 .rel.text.uart_console_hook_install
                0x0000000000000000        0x0 drivers/built-in.o
 .rel.text.uart_console_init
                0x0000000000000000        0x0 drivers/built-in.o
 .rel.text._timer_int_handler
                0x0000000000000000        0x0 drivers/built-in.o
 .rel.text._sys_clock_driver_init
                0x0000000000000000        0x0 drivers/built-in.o
 .rel.text._SysIntVecAlloc
                0x0000000000000000        0x0 drivers/built-in.o
 .rel.text.main
                0x0000000000000000        0x0 drivers/built-in.o
 .rel.text._nano_fiber_ready
                0x0000000000000000        0x0 drivers/built-in.o
 .rel.text._fiber_start
                0x0000000000000000        0x0 drivers/built-in.o
 .rel.text.fiber_yield
                0x0000000000000000        0x0 drivers/built-in.o
 .rel.text._nano_fiber_swap
                0x0000000000000000        0x0 drivers/built-in.o
 .rel.text.nano_task_lifo_get
                0x0000000000000000        0x0 drivers/built-in.o
 .rel.text._lifo_get
                0x0000000000000000        0x0 drivers/built-in.o
 .rel.text.nano_task_lifo_put
                0x0000000000000000        0x0 drivers/built-in.o
 .rel.text._nano_fiber_lifo_get_panic
                0x0000000000000000        0x0 drivers/built-in.o
 .rel.text.nano_task_fifo_get
                0x0000000000000000        0x0 drivers/built-in.o
 .rel.text.nano_task_fifo_put
                0x0000000000000000        0x0 drivers/built-in.o
 .rel.text._fifo_get
                0x0000000000000000        0x0 drivers/built-in.o
 .rel.text.nano_task_stack_push
                0x0000000000000000        0x0 drivers/built-in.o
 .rel.text.nano_task_stack_pop
                0x0000000000000000        0x0 drivers/built-in.o
 .rel.text._stack_pop
                0x0000000000000000        0x0 drivers/built-in.o
 .rel.text.sys_tick_get_32
                0x0000000000000000        0x0 drivers/built-in.o
 .rel.text.sys_tick_get
                0x0000000000000000        0x0 drivers/built-in.o
 .rel.text.sys_tick_delta
                0x0000000000000000        0x0 drivers/built-in.o
 .rel.text.sys_tick_delta_32
                0x0000000000000000        0x0 drivers/built-in.o
 .rel.text._nano_sys_clock_tick_announce
                0x0000000000000000        0x0 drivers/built-in.o
 .rel.text._nano_get_earliest_deadline
                0x0000000000000000        0x0 drivers/built-in.o
 .rel.text.sys_thread_self_get
                0x0000000000000000        0x0 drivers/built-in.o
 .rel.text.sys_execution_context_type_get
                0x0000000000000000        0x0 drivers/built-in.o
 .rel.text._thread_essential_set
                0x0000000000000000        0x0 drivers/built-in.o
 .rel.text._thread_essential_clear
                0x0000000000000000        0x0 drivers/built-in.o
 .rel.text._is_thread_essential
                0x0000000000000000        0x0 drivers/built-in.o
 .rel.text.sys_thread_busy_wait
                0x0000000000000000        0x0 drivers/built-in.o
 .rel.text._thread_entry
                0x0000000000000000        0x0 drivers/built-in.o
 .rel.text._Cstart
                0x0000000000000000        0x0 drivers/built-in.o
 .rel.text.nano_task_sem_take
                0x0000000000000000        0x0 drivers/built-in.o
 .rel.text.nano_task_sem_give
                0x0000000000000000        0x0 drivers/built-in.o
 .rel.text._sem_take
                0x0000000000000000        0x0 drivers/built-in.o
 .rel.text.device_get_binding
                0x0000000000000000        0x0 drivers/built-in.o
 .rel.text._do_nano_timeout_abort
                0x0000000000000000        0x0 drivers/built-in.o
 .rel.text.nano_task_timer_stop
                0x0000000000000000        0x0 drivers/built-in.o
 .rel.text.nano_fiber_timer_test
                0x0000000000000000        0x0 drivers/built-in.o
 .rel.text._timer_start
                0x0000000000000000        0x0 drivers/built-in.o
 .rel.text.nano_timer_ticks_remain
                0x0000000000000000        0x0 drivers/built-in.o
 .rel.text.nano_task_timer_test
                0x0000000000000000        0x0 drivers/built-in.o
 .rel.rodata.config_levels
                0x0000000000000000        0x0 drivers/built-in.o
 .rel.text.mem_probe_no_check
                0x0000000000000000        0x0 drivers/built-in.o
 .rel.text._mem_safe_write_to_text_section
                0x0000000000000000        0x0 drivers/built-in.o
 .rel.text._mem_safe_region_add
                0x0000000000000000        0x0 drivers/built-in.o
 .rel.text.init
                0x0000000000000000        0x0 drivers/built-in.o
 .rel.text._IntVecSet
                0x0000000000000000        0x0 drivers/built-in.o
 .rel.text_start.__start
                0x0000000000000000        0x0 drivers/built-in.o
 .rel.text.init_cache
                0x0000000000000000        0x0 drivers/built-in.o

.rela.dyn
 *(.rela.*)

.comment        0x0000000000000000       0x11
 *(.comment)
 .comment       0x0000000000000000       0x11 drivers/built-in.o
                                         0x90 (size before relaxing)
 .comment       0x0000000000000011       0x12 ../js-iot/power-simu/src/built-in.o
 .comment       0x0000000000000011       0x5a lib/built-in.o
 .comment       0x0000000000000011       0xc6 kernel/built-in.o
 .comment       0x0000000000000011       0x36 misc/built-in.o
 .comment       0x0000000000000011       0xc6 arch/built-in.o
 .comment       0x0000000000000011       0x12 ./arch/x86/core/offsets/offsets.o
 .comment       0x0000000000000011       0x12 /opt/zephyr-sdk/sysroots/i586-poky-elf/usr/lib/i586-poky-elf/5.2.0/libgcc.a(_udivdi3.o)

.debug
 *(.debug)

.line
 *(.line)

.debug_srcinfo
 *(.debug_srcinfo)

.debug_sfnames
 *(.debug_sfnames)

.debug_aranges  0x0000000000000000      0xae0
 *(.debug_aranges)
 .debug_aranges
                0x0000000000000000      0x1a8 drivers/built-in.o
 .debug_aranges
                0x00000000000001a8       0x20 ../js-iot/power-simu/src/built-in.o
 .debug_aranges
                0x00000000000001c8      0x190 lib/built-in.o
 .debug_aranges
                0x0000000000000358      0x300 kernel/built-in.o
 .debug_aranges
                0x0000000000000658       0xb0 misc/built-in.o
 .debug_aranges
                0x0000000000000708      0x398 arch/built-in.o
 .debug_aranges
                0x0000000000000aa0       0x20 ./arch/x86/core/offsets/offsets.o
 .debug_aranges
                0x0000000000000ac0       0x20 /opt/zephyr-sdk/sysroots/i586-poky-elf/usr/lib/i586-poky-elf/5.2.0/libgcc.a(_udivdi3.o)

.debug_pubnames
 *(.debug_pubnames)

.debug_pubtypes
 *(.debug_pubtypes)

.debug_line     0x0000000000000000     0x5516
 *(.debug_line)
 .debug_line    0x0000000000000000      0xdfa drivers/built-in.o
 .debug_line    0x0000000000000dfa      0x13c ../js-iot/power-simu/src/built-in.o
 .debug_line    0x0000000000000f36      0xb61 lib/built-in.o
 .debug_line    0x0000000000001a97     0x1ffa kernel/built-in.o
 .debug_line    0x0000000000003a91      0x4f9 misc/built-in.o
 .debug_line    0x0000000000003f8a     0x11f3 arch/built-in.o
 .debug_line    0x000000000000517d      0x295 ./arch/x86/core/offsets/offsets.o
 .debug_line    0x0000000000005412      0x104 /opt/zephyr-sdk/sysroots/i586-poky-elf/usr/lib/i586-poky-elf/5.2.0/libgcc.a(_udivdi3.o)

.debug_info     0x0000000000000000     0xd3e4
 *(.debug_info)
 .debug_info    0x0000000000000000     0x21c4 drivers/built-in.o
 .debug_info    0x00000000000021c4      0x236 ../js-iot/power-simu/src/built-in.o
 .debug_info    0x00000000000023fa     0x17b8 lib/built-in.o
 .debug_info    0x0000000000003bb2     0x6030 kernel/built-in.o
 .debug_info    0x0000000000009be2      0xdb7 misc/built-in.o
 .debug_info    0x000000000000a999     0x2339 arch/built-in.o
 .debug_info    0x000000000000ccd2      0x434 ./arch/x86/core/offsets/offsets.o
 .debug_info    0x000000000000d106      0x2de /opt/zephyr-sdk/sysroots/i586-poky-elf/usr/lib/i586-poky-elf/5.2.0/libgcc.a(_udivdi3.o)

.debug_macinfo
 *(.debug_macinfo)

.debug_abbrev   0x0000000000000000     0x4a46
 *(.debug_abbrev)
 .debug_abbrev  0x0000000000000000      0xe55 drivers/built-in.o
 .debug_abbrev  0x0000000000000e55      0x136 ../js-iot/power-simu/src/built-in.o
 .debug_abbrev  0x0000000000000f8b      0x795 lib/built-in.o
 .debug_abbrev  0x0000000000001720     0x1e81 kernel/built-in.o
 .debug_abbrev  0x00000000000035a1      0x53a misc/built-in.o
 .debug_abbrev  0x0000000000003adb      0xcf6 arch/built-in.o
 .debug_abbrev  0x00000000000047d1      0x140 ./arch/x86/core/offsets/offsets.o
 .debug_abbrev  0x0000000000004911      0x135 /opt/zephyr-sdk/sysroots/i586-poky-elf/usr/lib/i586-poky-elf/5.2.0/libgcc.a(_udivdi3.o)

.debug_loc      0x0000000000000000     0x536a
 *(.debug_loc)
 .debug_loc     0x0000000000000000      0x8ab drivers/built-in.o
 .debug_loc     0x00000000000008ab       0x42 ../js-iot/power-simu/src/built-in.o
 .debug_loc     0x00000000000008ed     0x21f3 lib/built-in.o
 .debug_loc     0x0000000000002ae0     0x16ee kernel/built-in.o
 .debug_loc     0x00000000000041ce      0x971 misc/built-in.o
 .debug_loc     0x0000000000004b3f      0x1d8 arch/built-in.o
 .debug_loc     0x0000000000004d17      0x653 /opt/zephyr-sdk/sysroots/i586-poky-elf/usr/lib/i586-poky-elf/5.2.0/libgcc.a(_udivdi3.o)

.debug_ranges   0x0000000000000000      0xca8
 *(.debug_ranges)
 .debug_ranges  0x0000000000000000      0x2b8 drivers/built-in.o
 .debug_ranges  0x00000000000002b8       0x10 ../js-iot/power-simu/src/built-in.o
 .debug_ranges  0x00000000000002c8      0x1c8 lib/built-in.o
 .debug_ranges  0x0000000000000490      0x488 kernel/built-in.o
 .debug_ranges  0x0000000000000918       0x98 misc/built-in.o
 .debug_ranges  0x00000000000009b0      0x2a0 arch/built-in.o
 .debug_ranges  0x0000000000000c50       0x10 ./arch/x86/core/offsets/offsets.o
 .debug_ranges  0x0000000000000c60       0x48 /opt/zephyr-sdk/sysroots/i586-poky-elf/usr/lib/i586-poky-elf/5.2.0/libgcc.a(_udivdi3.o)

.debug_str      0x0000000000000000     0x291b
 *(.debug_str)
 .debug_str     0x0000000000000000      0xc01 drivers/built-in.o
                                       0x1ba0 (size before relaxing)
 .debug_str     0x0000000000000c01       0xe3 ../js-iot/power-simu/src/built-in.o
                                        0x2bb (size before relaxing)
 .debug_str     0x0000000000000ce4      0x3ff lib/built-in.o
                                        0xb8a (size before relaxing)
 .debug_str     0x00000000000010e3      0xc2e kernel/built-in.o
                                       0x37d8 (size before relaxing)
 .debug_str     0x0000000000001d11      0x388 misc/built-in.o
                                        0x873 (size before relaxing)
 .debug_str     0x0000000000002099      0x674 arch/built-in.o
                                       0x2326 (size before relaxing)
 .debug_str     0x000000000000270d       0x72 ./arch/x86/core/offsets/offsets.o
                                        0x416 (size before relaxing)
 .debug_str     0x000000000000277f      0x19c /opt/zephyr-sdk/sysroots/i586-poky-elf/usr/lib/i586-poky-elf/5.2.0/libgcc.a(_udivdi3.o)
                                        0x250 (size before relaxing)

.debug_frame    0x0000000000000000     0x1ad8
 *(.debug_frame)
 .debug_frame   0x0000000000000000      0x47c drivers/built-in.o
 .debug_frame   0x000000000000047c       0x34 ../js-iot/power-simu/src/built-in.o
 .debug_frame   0x00000000000004b0      0x56c lib/built-in.o
 .debug_frame   0x0000000000000a1c      0xa38 kernel/built-in.o
 .debug_frame   0x0000000000001454      0x23c misc/built-in.o
 .debug_frame   0x0000000000001690      0x414 arch/built-in.o
 .debug_frame   0x0000000000001aa4       0x34 ./arch/x86/core/offsets/offsets.o

.debug_macro
 *(.debug_macro)

.trashcan       0x000000000000094c        0x0
 *(.*)
                0x0000000000000001                ASSERT ((SIZEOF (.trashcan) == 0x0), Section(s) undefined in the linker script used.)
START GROUP
LOAD drivers/built-in.o
LOAD ../js-iot/power-simu/src/built-in.o
LOAD lib/built-in.o
LOAD kernel/built-in.o
LOAD misc/built-in.o
LOAD net/built-in.o
LOAD boards/built-in.o
LOAD arch/built-in.o
LOAD ./arch/x86/core/offsets/offsets.o
END GROUP
LOAD /opt/zephyr-sdk/sysroots/i586-poky-elf/usr/lib/i586-poky-elf/5.2.0/libgcc.a
LOAD staticIdt.o
LOAD int_vector_alloc.o
LOAD irq_int_vector_map.o
OUTPUT(zephyr.elf elf32-i386)
